============================================================
Historia Terrarum — Region Assignment (10km grid)
============================================================

Loading tile registry...
  6,245,000 tiles loaded
Loading Natural Earth shapefiles...
  258 countries (admin-0)
  4596 provinces (admin-1)
  3224 counties (admin-2)
  360 subunits
Loading GADM admin-2 shapefiles...
  GADM admin-2: 11 countries, 10,303 counties total
  Merged 1,374 GADM counties into assignment pool (adm_2 countries only)

Strategies: adm_0=43, adm_2=4, custom=1, ignore=0, default adm_1 for remaining ~210

Assigning tiles to regions (3-point majority test)...
  5% (312,250/6,245,000) — 1 regions, 181,122 land, 131,127 ocean
  10% (624,500/6,245,000) — 2 regions, 182,305 land, 442,194 ocean
  15% (936,750/6,245,000) — 15 regions, 187,121 land, 749,628 ocean
  20% (1,249,000/6,245,000) — 40 regions, 196,789 land, 1,052,210 ocean
  25% (1,561,250/6,245,000) — 201 regions, 215,187 land, 1,346,062 ocean
  30% (1,873,500/6,245,000) — 508 regions, 269,194 land, 1,604,305 ocean
  35% (2,185,750/6,245,000) — 641 regions, 342,940 land, 1,842,809 ocean
  40% (2,498,000/6,245,000) — 753 regions, 417,367 land, 2,080,632 ocean
  45% (2,810,250/6,245,000) — 856 regions, 484,302 land, 2,325,947 ocean
  50% (3,122,500/6,245,000) — 1013 regions, 560,649 land, 2,561,850 ocean
  55% (3,434,750/6,245,000) — 1309 regions, 630,021 land, 2,804,728 ocean
  60% (3,747,000/6,245,000) — 1748 regions, 705,847 land, 3,041,152 ocean
  65% (4,059,250/6,245,000) — 2085 regions, 797,736 land, 3,261,513 ocean
  70% (4,371,500/6,245,000) — 2292 regions, 915,582 land, 3,455,917 ocean
  75% (4,683,750/6,245,000) — 2537 regions, 1,048,530 land, 3,635,219 ocean
  80% (4,996,000/6,245,000) — 3104 regions, 1,186,253 land, 3,809,746 ocean
  85% (5,308,250/6,245,000) — 4083 regions, 1,351,989 land, 3,956,260 ocean
  90% (5,620,500/6,245,000) — 4597 regions, 1,535,299 land, 4,085,200 ocean
  95% (5,932,750/6,245,000) — 4805 regions, 1,732,158 land, 4,200,591 ocean
  100% (6,245,000/6,245,000) — 4810 regions, 1,852,406 land, 4,392,593 ocean

  Land tiles: 1,852,406
  Ocean tiles: 4,392,594
  Regions: 4810
  With parents: 1247

Applying 1-tile minimum guarantee...
  1-tile rule: B1491_3859 → San Marino (dist=24km)
  1-tile rule: B1402_59 → Gibraltar (dist=3km)
  1-tile rule: B1464_3863 → Vatican (dist=29km)
  1-tile rule: B921_3196 → British Indian Ocean Territory (dist=2km)
  1-tile rule: B995_2145 → Nauru (dist=4km)
  1-tile rule: B1247_2738 → Macao S.A.R (dist=2km)

Auto-split: scanning for mega-provinces (> 5,000 tiles)...
  Found 41 mega-provinces to split:

  Splitting Antarctica (182,293 tiles) [Antarctica]...
    Only 0 NE admin-2 counties found, falling back to geometric split
    → 36 geometric splits

  Splitting Sakha (Yakutia) (41,647 tiles) [Russia]...
    Only 0 NE admin-2 counties found, using 37 GADM counties instead
    37 admin-2 counties inside province
    41,089/41,647 tiles matched to counties (98.7%)
    2 connected components
    → 29 contiguous clusters (+558 unmatched tiles in parent)

  Splitting Krasnoyarsk (33,690 tiles) [Russia]...
    Only 0 NE admin-2 counties found, using 60 GADM counties instead
    60 admin-2 counties inside province
    33,150/33,690 tiles matched to counties (98.4%)
    1 connected components
    → 17 contiguous clusters (+540 unmatched tiles in parent)

  Splitting Greenland (Denmark) (31,248 tiles) [Greenland]...
    WARNING: no admin-1 polygon found for Greenland (Denmark), skipping

  Splitting Xinjiang (21,638 tiles) [China]...
    Only 0 NE admin-2 counties found, using 15 GADM counties instead
    15 admin-2 counties inside province
    17,383/21,638 tiles matched to counties (80.3%)
    3 connected components
    → 11 contiguous clusters (+4255 unmatched tiles in parent)

  Splitting Alaska (20,615 tiles) [United States of America]...
    23 admin-2 counties inside province
    18,498/20,615 tiles matched to counties (89.7%)
    4 connected components
    → 16 contiguous clusters (+2117 unmatched tiles in parent)

  Splitting Amazonas (19,085 tiles) [Venezuela]...
    Only 0 NE admin-2 counties found, falling back to geometric split
    → 4 geometric splits

  Splitting Inner Mongol (15,932 tiles) [China]...
    Only 0 NE admin-2 counties found, using 12 GADM counties instead
    12 admin-2 counties inside province
    15,824/15,932 tiles matched to counties (99.3%)
    1 connected components
    → 10 contiguous clusters (+108 unmatched tiles in parent)

  Splitting Xizang (13,305 tiles) [China]...
    Only 0 NE admin-2 counties found, using 7 GADM counties instead
    7 admin-2 counties inside province
    9,790/13,305 tiles matched to counties (73.6%)
    2 connected components
    → 6 contiguous clusters (+3515 unmatched tiles in parent)

  Splitting Irkutsk (13,182 tiles) [Russia]...
    Only 0 NE admin-2 counties found, using 48 GADM counties instead
    48 admin-2 counties inside province
    13,032/13,182 tiles matched to counties (98.9%)
    1 connected components
    → 15 contiguous clusters (+150 unmatched tiles in parent)

  Splitting Khabarovsk (12,783 tiles) [Russia]...
    Only 0 NE admin-2 counties found, using 23 GADM counties instead
    23 admin-2 counties inside province
    12,505/12,783 tiles matched to counties (97.8%)
    1 connected components
    → 10 contiguous clusters (+278 unmatched tiles in parent)

  Splitting Pará (12,500 tiles) [Brazil]...
    Only 0 NE admin-2 counties found, using 140 GADM counties instead
    140 admin-2 counties inside province
    12,130/12,500 tiles matched to counties (97.0%)
    1 connected components
    → 14 contiguous clusters (+370 unmatched tiles in parent)

  Splitting Mato Grosso (9,320 tiles) [Brazil]...
    Only 0 NE admin-2 counties found, using 141 GADM counties instead
    141 admin-2 counties inside province
    9,242/9,320 tiles matched to counties (99.2%)
    1 connected components
    → 12 contiguous clusters (+78 unmatched tiles in parent)

  Splitting Chukchi Autonomous Okrug (9,162 tiles) [Russia]...
    Only 0 NE admin-2 counties found, using 7 GADM counties instead
    7 admin-2 counties inside province
    7,293/9,162 tiles matched to counties (79.6%)
    2 connected components
    → 4 contiguous clusters (+1869 unmatched tiles in parent)

  Splitting Yamal-Nenets (8,986 tiles) [Russia]...
    Only 0 NE admin-2 counties found, using 12 GADM counties instead
    12 admin-2 counties inside province
    8,678/8,986 tiles matched to counties (96.6%)
    1 connected components
    → 7 contiguous clusters (+308 unmatched tiles in parent)

  Splitting Qinghai (8,799 tiles) [China]...
    Only 0 NE admin-2 counties found, using 8 GADM counties instead
    8 admin-2 counties inside province
    8,762/8,799 tiles matched to counties (99.6%)
    1 connected components
    → 5 contiguous clusters (+37 unmatched tiles in parent)

  Splitting Texas (8,109 tiles) [United States of America]...
    208 admin-2 counties inside province
    6,797/8,109 tiles matched to counties (83.8%)
    2 connected components
    → 10 contiguous clusters (+1312 unmatched tiles in parent)

  Splitting Adrar (7,676 tiles) [Algeria]...
    Only 0 NE admin-2 counties found, falling back to geometric split
    → 2 geometric splits

  Splitting Santa Cruz (7,512 tiles) [Cabo Verde]...
    WARNING: no admin-1 polygon found for Santa Cruz, skipping

  Splitting Chita (7,130 tiles) [Russia]...
    Only 0 NE admin-2 counties found, using 35 GADM counties instead
    35 admin-2 counties inside province
    7,055/7,130 tiles matched to counties (98.9%)
    1 connected components
    → 8 contiguous clusters (+75 unmatched tiles in parent)

  Splitting Kamchatka (7,014 tiles) [Russia]...
    Only 0 NE admin-2 counties found, using 10 GADM counties instead
    10 admin-2 counties inside province
    6,725/7,014 tiles matched to counties (95.9%)
    1 connected components
    → 8 contiguous clusters (+289 unmatched tiles in parent)

  Splitting Heilongjiang (6,736 tiles) [China]...
    Only 0 NE admin-2 counties found, using 13 GADM counties instead
    13 admin-2 counties inside province
    6,680/6,736 tiles matched to counties (99.2%)
    1 connected components
    → 8 contiguous clusters (+56 unmatched tiles in parent)

  Splitting Tamanghasset (6,702 tiles) [Algeria]...
    Only 0 NE admin-2 counties found, falling back to geometric split
    → 2 geometric splits

  Splitting Agadez (6,627 tiles) [Niger]...
    Only 0 NE admin-2 counties found, falling back to geometric split
    → 2 geometric splits

  Splitting Qaraghandy (6,430 tiles) [Kazakhstan]...
    Only 0 NE admin-2 counties found, using 9 GADM counties instead
    9 admin-2 counties inside province
    6,406/6,430 tiles matched to counties (99.6%)
    1 connected components
    → 7 contiguous clusters (+24 unmatched tiles in parent)

  Splitting Khanty-Mansiy (6,203 tiles) [Russia]...
    Only 0 NE admin-2 counties found, using 22 GADM counties instead
    22 admin-2 counties inside province
    6,145/6,203 tiles matched to counties (99.1%)
    1 connected components
    → 6 contiguous clusters (+58 unmatched tiles in parent)

  Splitting Minas Gerais (6,202 tiles) [Brazil]...
    Only 0 NE admin-2 counties found, using 855 GADM counties instead
    855 admin-2 counties inside province
    6,179/6,202 tiles matched to counties (99.6%)
    1 connected components
    → 8 contiguous clusters (+23 unmatched tiles in parent)

  Splitting Ash Sharqiyah (6,116 tiles) [Egypt]...
    Only 0 NE admin-2 counties found, falling back to geometric split
    → 1 geometric splits

  Splitting Amur (6,020 tiles) [Russia]...
    Only 0 NE admin-2 counties found, using 27 GADM counties instead
    27 admin-2 counties inside province
    5,986/6,020 tiles matched to counties (99.4%)
    1 connected components
    → 6 contiguous clusters (+34 unmatched tiles in parent)

  Splitting Northern (5,975 tiles) [Sudan]...
    Only 0 NE admin-2 counties found, using 4 GADM counties instead
    4 admin-2 counties inside province
    3,866/5,975 tiles matched to counties (64.7%)
    1 connected components
    → 3 contiguous clusters (+2109 unmatched tiles in parent)

  Splitting Buryat (5,901 tiles) [Russia]...
    Only 0 NE admin-2 counties found, using 24 GADM counties instead
    24 admin-2 counties inside province
    5,517/5,901 tiles matched to counties (93.5%)
    1 connected components
    → 5 contiguous clusters (+384 unmatched tiles in parent)

  Splitting Bahia (5,787 tiles) [Brazil]...
    Only 0 NE admin-2 counties found, using 414 GADM counties instead
    414 admin-2 counties inside province
    5,727/5,787 tiles matched to counties (99.0%)
    1 connected components
    → 8 contiguous clusters (+60 unmatched tiles in parent)

  Splitting Sichuan (5,630 tiles) [China]...
    Only 0 NE admin-2 counties found, using 21 GADM counties instead
    21 admin-2 counties inside province
    5,447/5,630 tiles matched to counties (96.7%)
    1 connected components
    → 6 contiguous clusters (+183 unmatched tiles in parent)

  Splitting Tomsk (5,599 tiles) [Russia]...
    Only 0 NE admin-2 counties found, using 20 GADM counties instead
    20 admin-2 counties inside province
    5,562/5,599 tiles matched to counties (99.3%)
    1 connected components
    → 6 contiguous clusters (+37 unmatched tiles in parent)

  Splitting Montana (5,570 tiles) [United States of America]...
    37 admin-2 counties inside province
    3,395/5,570 tiles matched to counties (61.0%)
    2 connected components
    → 5 contiguous clusters (+2175 unmatched tiles in parent)

  Splitting Maga Buryatdan (5,429 tiles) [Russia]...
    Only 0 NE admin-2 counties found, using 9 GADM counties instead
    9 admin-2 counties inside province
    5,282/5,429 tiles matched to counties (97.3%)
    1 connected components
    → 6 contiguous clusters (+147 unmatched tiles in parent)

  Splitting Timbuktu (5,385 tiles) [Mali]...
    Only 0 NE admin-2 counties found, using 5 GADM counties instead
    5 admin-2 counties inside province
    5,323/5,385 tiles matched to counties (98.8%)
    1 connected components
    → 3 contiguous clusters (+62 unmatched tiles in parent)

  Splitting California (5,241 tiles) [United States of America]...
    49 admin-2 counties inside province
    4,731/5,241 tiles matched to counties (90.3%)
    1 connected components
    → 7 contiguous clusters (+510 unmatched tiles in parent)

  Splitting Arkhangel'sk (5,177 tiles) [Russia]...
    Only 0 NE admin-2 counties found, using 25 GADM counties instead
    25 admin-2 counties inside province
    3,349/5,177 tiles matched to counties (64.7%)
    2 connected components
    → 5 contiguous clusters (+1828 unmatched tiles in parent)

  Splitting Gansu (5,139 tiles) [China]...
    Only 0 NE admin-2 counties found, using 14 GADM counties instead
    14 admin-2 counties inside province
    5,079/5,139 tiles matched to counties (98.8%)
    1 connected components
    → 6 contiguous clusters (+60 unmatched tiles in parent)

  Splitting Orientale (5,027 tiles) [Democratic Republic of the Congo]...
    Only 0 NE admin-2 counties found, using 43 GADM counties instead
    43 admin-2 counties inside province
    4,993/5,027 tiles matched to counties (99.3%)
    1 connected components
    → 7 contiguous clusters (+34 unmatched tiles in parent)

  Auto-split complete: 41 mega-provinces split
  Regions before: 4816 → after: 5147 (+331)

Writing region files...

Wrote 5171 region files to D:\hermes-projects\historia-terrarum\data\regions/
  (24 parent regions without direct tiles)
Index: D:\hermes-projects\historia-terrarum\data\regions\_index.yaml

============================================================
Done. 1,852,406 land tiles → 5171 regions.
  Admin-2 regions with parents: 1578
  Total assigned tiles: 1,852,412
